// Jest Snapshot v1, https://goo.gl/fbAQLP

exports[`get-form-data get form data 1`] = `
Object {
  "someCheckbox": Array [
    "Dog",
    "Cat",
  ],
  "someCheckboxAgain": "on",
  "someFile": File {},
  "someHidden": "something hidden",
  "someRadio": "Dog",
  "someSelectMultiple": Array [
    "Second",
    "Third",
  ],
  "someSelectOne": "First",
  "someText": "Chris",
  "someTextarea": "A place for everything.
And everything in its place.",
}
`;
